// Jest Snapshot v1, https://goo.gl/fbAQLP

exports[`helpers > createNumberedGrid returns an array of divs with their own numeric value 1`] = `
Array [
  <div
    class="box"
  >
    1
  </div>,
  <div
    class="box"
  >
    2
  </div>,
  <div
    class="box"
  >
    3
  </div>,
  <div
    class="box"
  >
    4
  </div>,
]
`;
